// Jest Snapshot v1, https://goo.gl/fbAQLP

exports[`<SectionTitle /> displays title 1`] = `
.c0 {
  font-family: Inconsolata,monospace;
  font-size: 1.125rem;
  line-height: 1.75rem;
  font-weight: 700;
  text-transform: uppercase;
  --tw-text-opacity: 1;
  color: rgba(77,54,140,var(--tw-text-opacity));
}

<h2
  class="c0"
  data-testid="sectionTitle"
>
  Check this
</h2>
`;

exports[`<SectionTitle /> does not display title on the cover page 1`] = `<div />`;

exports[`<SectionTitle /> no data? no wakkas 1`] = `null`;
