// Jest Snapshot v1, https://goo.gl/fbAQLP

exports[`<SectionContainer /> composes title and >1  items 1`] = `
.c2 {
  margin-top: 1rem;
  margin-bottom: 1rem;
}

.c2:nth-of-type(1) {
  margin-top: 0.5rem;
}

.c3 {
  font-style: italic;
}

.c1 {
  font-family: Inconsolata,ui-monospace,SFMono-Regular,Menlo,Monaco,Consolas,Liberation Mono,Courier New,monospace;
  font-size: 1.25rem;
  line-height: 1.75rem;
  font-weight: 700;
  text-transform: uppercase;
  --tw-text-opacity: 1;
  color: rgba(77,54,140,var(--tw-text-opacity));
}

.c0 {
  padding: 1rem;
  padding-top: 0.5rem;
  padding-bottom: 0.5rem;
}

<div
  class="c0"
  data-testid="sectionContainer"
>
  <h2
    class="c1"
    data-testid="sectionTitle"
  >
    Reason #8: Regret
  </h2>
  <div
    class="c2"
    data-testid="sectionItemContainer"
  >
    <div
      class="c3"
      data-testid="byline"
    />
  </div>
</div>
`;
