// Jest Snapshot v1, https://goo.gl/fbAQLP

exports[`<Email/> Handles no data case properly 1`] = `null`;

exports[`<Email/> displays email, properly formatted 1`] = `
<a
  data-testid="contactEmail"
  href="mailto:kayak@example.com"
>
  <svg
    fill="none"
    height="1em"
    stroke="currentColor"
    stroke-linecap="round"
    stroke-linejoin="round"
    stroke-width="2"
    viewBox="0 0 24 24"
    width="1em"
    xmlns="http://www.w3.org/2000/svg"
  >
    <path
      d="M4 4h16c1.1 0 2 .9 2 2v12c0 1.1-.9 2-2 2H4c-1.1 0-2-.9-2-2V6c0-1.1.9-2 2-2z"
    />
    <polyline
      points="22,6 12,13 2,6"
    />
  </svg>
   
  kayak@example.com
</a>
`;

exports[`<Email/> mailto: link 1`] = `
<a
  data-testid="contactEmail"
  href="mailto:kayak@example.com"
>
  <svg
    fill="none"
    height="1em"
    stroke="currentColor"
    stroke-linecap="round"
    stroke-linejoin="round"
    stroke-width="2"
    viewBox="0 0 24 24"
    width="1em"
    xmlns="http://www.w3.org/2000/svg"
  >
    <path
      d="M4 4h16c1.1 0 2 .9 2 2v12c0 1.1-.9 2-2 2H4c-1.1 0-2-.9-2-2V6c0-1.1.9-2 2-2z"
    />
    <polyline
      points="22,6 12,13 2,6"
    />
  </svg>
   
  kayak@example.com
</a>
`;
