// Jest Snapshot v1, https://goo.gl/fbAQLP

exports[`<LinkedIn /> handles no data 1`] = `null`;

exports[`<LinkedIn /> handles null data 1`] = `null`;

exports[`<LinkedIn /> links to profile in new tab 1`] = `
<a
  data-testid="contactLinkedin"
  href="https://example.com"
  rel="noreferrer"
  target="_blank"
>
  <svg
    fill="none"
    height="1em"
    stroke="currentColor"
    stroke-linecap="round"
    stroke-linejoin="round"
    stroke-width="2"
    viewBox="0 0 24 24"
    width="1em"
    xmlns="http://www.w3.org/2000/svg"
  >
    <path
      d="M16 8a6 6 0 0 1 6 6v7h-4v-7a2 2 0 0 0-2-2 2 2 0 0 0-2 2v7h-4v-7a6 6 0 0 1 6-6z"
    />
    <rect
      height="12"
      width="4"
      x="2"
      y="9"
    />
    <circle
      cx="4"
      cy="4"
      r="2"
    />
  </svg>
   
  exampledin
</a>
`;
