// Jest Snapshot v1, https://goo.gl/fbAQLP

exports[`<Title /> displays title ðŸ‘Œ 1`] = `
<h2
  data-testid="skillsTitle"
>
  Monster Hunting
</h2>
`;

exports[`<Title /> no data? 1`] = `null`;
