// Jest Snapshot v1, https://goo.gl/fbAQLP

exports[`<CoverLetterContents/> renders OK 1`] = `
.c2 {
  padding-bottom: 0px !important;
}

.c3 {
  padding-bottom: 0px !important;
}

.c4 {
  margin-top: 1rem;
  margin-bottom: 0.25rem;
  font-weight: 700;
  font-size: 1.25rem;
  line-height: 1.75rem;
}

.c1 {
  --tw-text-opacity: 1;
  color: rgba(77,54,140,var(--tw-text-opacity));
  font-weight: 700;
  text-transform: uppercase;
  font-size: 1.25rem;
  line-height: 1.75rem;
  font-family: Inconsolata,ui-monospace,SFMono-Regular,Menlo,Monaco,Consolas,Liberation Mono,Courier New,monospace;
}

.c5 {
  padding-bottom: 0px !important;
  margin-top: 1rem;
}

.c6 {
  font-style: italic;
}

.c0 {
  padding-top: 2rem;
  padding-bottom: 2rem;
  max-width: 65ch;
}

.c0 p {
  padding-bottom: 1rem;
}

.c0 h1 {
  padding-bottom: 0.25rem;
}

<div>
  <div
    class="c0"
  >
    <p
      class="c1"
      style="font-size: 21px;"
    >
      June 17, 2021
    </p>
    <p
      class="c2"
    >
       
    </p>
    <p
      class="c3"
    >
      60342 Athena Plaza
    </p>
    <p>
      Port Idellabury, 
      South Dakota, 
      60033-4381, 
      ES
    </p>
    <h1
      class="c4"
    >
      Dear 
      ,
    </h1>
    <div>
      <p>
        esse dolore molestias suscipit dignissimos illum cupiditate consequatur non voluptates ut dolores aliquam cum qui sed libero architecto iusto porro unde suscipit non non tempore officiis vero aut rem id repellendus et iste
      </p>
      

      <p>
        voluptatem beatae illo rerum mollitia expedita et ducimus aliquam deserunt aut suscipit error facere recusandae sunt in aut aperiam ut quia minima ullam quasi laudantium alias velit accusamus
      </p>
      

      <p>
        voluptatem maiores repellendus voluptate aperiam quia magni quisquam incidunt quis voluptas repudiandae aut dolorum eum
      </p>
      

      <p>
        voluptas consequatur ab reiciendis omnis ipsam qui quia aperiam dolores ut ducimus rerum magnam voluptatem dolorum natus aut minus odio reprehenderit impedit quis recusandae repellat et autem nihil voluptas beatae minima laboriosam cum in sed iusto officia
      </p>
      

      <p>
        sunt laborum hic rerum quaerat vel quidem perspiciatis et et porro iste laborum reiciendis enim nostrum ut
      </p>
      

      <p>
        tenetur omnis ad at ratione quia quia et alias sequi sunt aliquid eos aut aut odio eligendi consequatur nulla optio tenetur tempore quaerat et pariatur harum quasi ipsam optio molestiae sed consectetur quos tenetur nihil velit
      </p>
      

      <p>
        quis similique libero nemo optio et voluptatum similique ut
      </p>
      

      <p>
        voluptas nulla aut similique possimus nihil sed laboriosam dolorum molestiae quia voluptatem consequuntur corporis impedit dolorum quos incidunt ut numquam sit aut error vero consequatur
      </p>
    </div>
    <p
      class="c5"
    >
      Thank you,
    </p>
    <p
      class="c6"
    >
      Blaze Powlowski
    </p>
  </div>
</div>
`;
