// Jest Snapshot v1, https://goo.gl/fbAQLP

exports[`<Contact /> renders OK 1`] = `
<section
  css="
  ,display: flex;,flex-wrap: wrap;,--tw-text-opacity: 1;,color: rgba(255, 255, 255, var(--tw-text-opacity));,place-content: space-evenly;,
  background-color: #2b0e26;

  a,
  p {
    ,padding: 1rem;,:hover {,--tw-bg-opacity: 1;,background-color: rgba(181, 61, 39, var(--tw-bg-opacity));,},transition-property: all;,transition-timing-function: cubic-bezier(0.4, 0, 0.2, 1);,transition-duration: 150ms;,
    ,@media print {,padding: 0.5rem;,},
  }
"
  data-testid="contact"
  id="contact"
>
  <a
    href="http://johndoe.com"
    rel="noreferrer"
    target="_blank"
  >
    <svg
      fill="none"
      height="1em"
      stroke="currentColor"
      stroke-linecap="round"
      stroke-linejoin="round"
      stroke-width="2"
      viewBox="0 0 24 24"
      width="1em"
      xmlns="http://www.w3.org/2000/svg"
    >
      <circle
        cx="12"
        cy="12"
        r="10"
      />
      <line
        x1="2"
        x2="22"
        y1="12"
        y2="12"
      />
      <path
        d="M12 2a15.3 15.3 0 0 1 4 10 15.3 15.3 0 0 1-4 10 15.3 15.3 0 0 1-4-10 15.3 15.3 0 0 1 4-10z"
      />
    </svg>
     
    johndoe.com
  </a>
  <a
    href="https://twitter.com/john"
    rel="noreferrer"
    target="_blank"
  >
    <svg
      fill="none"
      height="1em"
      stroke="currentColor"
      stroke-linecap="round"
      stroke-linejoin="round"
      stroke-width="2"
      viewBox="0 0 24 24"
      width="1em"
      xmlns="http://www.w3.org/2000/svg"
    >
      <path
        d="M23 3a10.9 10.9 0 0 1-3.14 1.53 4.48 4.48 0 0 0-7.86 3v1A10.66 10.66 0 0 1 3 4s-4 9 5 13a11.64 11.64 0 0 1-7 2c9 5 20 0 20-11.5a4.5 4.5 0 0 0-.08-.83A7.72 7.72 0 0 0 23 3z"
      />
    </svg>
     
    @john
  </a>
  <a
    href="https://github.com/undefined"
    rel="noreferrer"
    target="_blank"
  >
    <svg
      fill="none"
      height="1em"
      stroke="currentColor"
      stroke-linecap="round"
      stroke-linejoin="round"
      stroke-width="2"
      viewBox="0 0 24 24"
      width="1em"
      xmlns="http://www.w3.org/2000/svg"
    >
      <path
        d="M9 19c-5 1.5-5-2.5-7-3m14 6v-3.87a3.37 3.37 0 0 0-.94-2.61c3.14-.35 6.44-1.54 6.44-7A5.44 5.44 0 0 0 20 4.77 5.07 5.07 0 0 0 19.91 1S18.73.65 16 2.48a13.38 13.38 0 0 0-7 0C6.27.65 5.09 1 5.09 1A5.07 5.07 0 0 0 5 4.77a5.44 5.44 0 0 0-1.5 3.78c0 5.42 3.3 6.61 6.44 7A3.37 3.37 0 0 0 9 18.13V22"
      />
    </svg>
     
  </a>
  <a
    href="https://linkedin.com/in/undefined"
    rel="noreferrer"
    target="_blank"
  >
    <svg
      fill="none"
      height="1em"
      stroke="currentColor"
      stroke-linecap="round"
      stroke-linejoin="round"
      stroke-width="2"
      viewBox="0 0 24 24"
      width="1em"
      xmlns="http://www.w3.org/2000/svg"
    >
      <path
        d="M16 8a6 6 0 0 1 6 6v7h-4v-7a2 2 0 0 0-2-2 2 2 0 0 0-2 2v7h-4v-7a6 6 0 0 1 6-6z"
      />
      <rect
        height="12"
        width="4"
        x="2"
        y="9"
      />
      <circle
        cx="4"
        cy="4"
        r="2"
      />
    </svg>
     
  </a>
  <a
    href="mailto:john@gmail.com"
  >
    <svg
      fill="none"
      height="1em"
      stroke="currentColor"
      stroke-linecap="round"
      stroke-linejoin="round"
      stroke-width="2"
      viewBox="0 0 24 24"
      width="1em"
      xmlns="http://www.w3.org/2000/svg"
    >
      <path
        d="M4 4h16c1.1 0 2 .9 2 2v12c0 1.1-.9 2-2 2H4c-1.1 0-2-.9-2-2V6c0-1.1.9-2 2-2z"
      />
      <polyline
        points="22,6 12,13 2,6"
      />
    </svg>
     
    john@gmail.com
  </a>
  <div
    css="cursor: default;"
    data-testid="address"
    id="address"
  >
    <p>
      <svg
        fill="none"
        height="1em"
        stroke="currentColor"
        stroke-linecap="round"
        stroke-linejoin="round"
        stroke-width="2"
        viewBox="0 0 24 24"
        width="1em"
        xmlns="http://www.w3.org/2000/svg"
      >
        <path
          d="M21 10c0 7-9 13-9 13s-9-6-9-13a9 9 0 0 1 18 0z"
        />
        <circle
          cx="12"
          cy="10"
          r="3"
        />
      </svg>
       
      San Francisco
      , 
      California,
       
      US
    </p>
  </div>
</section>
`;
