// Jest Snapshot v1, https://goo.gl/fbAQLP

exports[`<Skills /> Skills renders OK 1`] = `
.c3 {
  font-weight: 700;
  font-size: 1.25rem;
  line-height: 1.25rem;
}

.c2 {
  margin-top: 0.5rem;
  margin-bottom: 0.5rem;
}

.c1 {
  font-family: Inconsolata,ui-monospace,SFMono-Regular,Menlo,Monaco,Consolas,Liberation Mono,Courier New,monospace;
  font-size: 1.25rem;
  line-height: 1.75rem;
  font-weight: 700;
  text-transform: uppercase;
  --tw-text-opacity: 1;
  color: rgba(77,54,140,var(--tw-text-opacity));
}

.c0 {
  padding: 1rem;
  padding-top: 0.5rem;
  padding-bottom: 0.5rem;
}

<div
  data-testid="skills"
>
  <div
    class="c0"
    data-testid="sectionContainer"
  >
    <h2
      class="c1"
      data-testid="sectionTitle"
    >
      Skills
    </h2>
    <div
      class="c2"
      data-testid="skillsComposed"
    >
      <h1
        class="c3"
        data-testid="itemTitle"
      >
        Web Development
      </h1>
      <div
        data-testid="skillsBucket"
      >
        <span>
          HTML 
        </span>
        <span>
          CSS 
        </span>
        <span>
          Javascript 
        </span>
      </div>
    </div>
  </div>
</div>
`;
